// Jest Snapshot v1, https://goo.gl/fbAQLP

exports[`AddMovies should render properly 1`] = `
<div>
  <form
    class="form-inline"
  >
    <div
      class="form-group mx-sm-3 mb-2"
    >
      <label
        class="sr-only"
        for="title"
      >
        Title
      </label>
      <input
        class="form-control"
        id="title"
        placeholder="Title"
        type="text"
      />
    </div>
    <div
      class="form-group mx-sm-3 mb-2"
    >
      <label
        class="sr-only"
        for="duration"
      >
        Duration
      </label>
      <input
        class="form-control"
        id="duration"
        min="5"
        placeholder="Duration"
        type="number"
      />
    </div>
    <button
      class="btn btn-primary mb-2"
      type="submit"
    >
      Add Movie
    </button>
  </form>
</div>
`;
